[
  {
    "AssetName": "BTC-PERP",
    "AssetType": "Future",
    "Amount": 0.0003,
    "LimitPrice": 49206.0,
    "PostPrice": false,
    "Expiry": null,
    "IsTradable": true
  }
]
