[
  {
    "AssetName": "XRP/USD",
    "AssetType": "Spot",
    "Amount": -680.0,
    "LimitPrice": 0.784900,
    "Expiry": null
  },
  {
    "AssetName": "LINK/USD",
    "AssetType": "Spot",
    "Amount": -44.6,
    "LimitPrice": 19.4400,
    "Expiry": null
  },
  {
    "AssetName": "CRO-PERP",
    "AssetType": "Future",
    "Amount": 1980.0,
    "LimitPrice": 0.548775,
    "Expiry": null
  },
  {
    "AssetName": "DOGE/USD",
    "AssetType": "Spot",
    "Amount": -3774.0,
    "LimitPrice": 0.1636010,
    "Expiry": null
  },
  {
    "AssetName": "ETH/USD",
    "AssetType": "Spot",
    "Amount": 0.106,
    "LimitPrice": 3957.5,
    "Expiry": null
  }
]
